

================================================================
== Vivado HLS Report for 'sph_dec'
================================================================
* Date:           Thu Jun 20 18:54:38 2019

* Version:        2018.3 (Build 2405991 on Thu Dec 06 23:56:15 MST 2018)
* Project:        pred_ctrl_sep_array_sep_burst_V02
* Solution:       pipe_line
* Product family: zynquplus
* Target device:  xczu7ev-ffvc1156-2-e


================================================================
== Performance Estimates
================================================================
+ Timing (ns): 
    * Summary: 
    +--------+-------+----------+------------+
    |  Clock | Target| Estimated| Uncertainty|
    +--------+-------+----------+------------+
    |ap_clk  |  10.00|     8.700|        1.25|
    +--------+-------+----------+------------+

+ Latency (clock cycles): 
    * Summary: 
    +------+------+------+------+---------+
    |   Latency   |   Interval  | Pipeline|
    |  min |  max |  min |  max |   Type  |
    +------+------+------+------+---------+
    |  2220|  2220|  2220|  2220|   none  |
    +------+------+------+------+---------+

    + Detail: 
        * Instance: 
        N/A

        * Loop: 
        +---------------------+------+------+----------+-----------+-----------+------+----------+
        |                     |   Latency   | Iteration|  Initiation Interval  | Trip |          |
        |      Loop Name      |  min |  max |  Latency |  achieved |   target  | Count| Pipelined|
        +---------------------+------+------+----------+-----------+-----------+------+----------+
        |- memset_dist_array  |    11|    11|         1|          -|          -|    12|    no    |
        |- init               |    24|    24|         2|          -|          -|    12|    no    |
        |- sphdec             |  2181|  2181|        74|         62|          1|    35|    yes   |
        +---------------------+------+------+----------+-----------+-----------+------+----------+



================================================================
== Utilization Estimates
================================================================
* Summary: 
+-----------------+---------+-------+--------+--------+-----+
|       Name      | BRAM_18K| DSP48E|   FF   |   LUT  | URAM|
+-----------------+---------+-------+--------+--------+-----+
|DSP              |        -|      -|       -|       -|    -|
|Expression       |        -|      -|       0|   12198|    -|
|FIFO             |        -|      -|       -|       -|    -|
|Instance         |        -|     10|    1385|    6754|    -|
|Memory           |        -|      -|       -|       -|    -|
|Multiplexer      |        -|      -|       -|    1302|    -|
|Register         |        -|      -|    4365|       -|    -|
+-----------------+---------+-------+--------+--------+-----+
|Total            |        0|     10|    5750|   20254|    0|
+-----------------+---------+-------+--------+--------+-----+
|Available        |      624|   1728|  460800|  230400|   96|
+-----------------+---------+-------+--------+--------+-----+
|Utilization (%)  |        0|   ~0  |       1|       8|    0|
+-----------------+---------+-------+--------+--------+-----+

+ Detail: 
    * Instance: 
    +----------------------------+----------------------+---------+-------+-----+-----+
    |          Instance          |        Module        | BRAM_18K| DSP48E|  FF | LUT |
    +----------------------------+----------------------+---------+-------+-----+-----+
    |predictive_controcud_U1329  |predictive_controcud  |        0|      2|  227|  214|
    |predictive_controdEe_U1331  |predictive_controdEe  |        0|      3|  128|  135|
    |predictive_controfYi_U1333  |predictive_controfYi  |        0|      0|  100|  138|
    |predictive_controibs_U1330  |predictive_controibs  |        0|      2|  227|  214|
    |predictive_controkbM_U1332  |predictive_controkbM  |        0|      0|  128|  341|
    |predictive_controlbW_U1334  |predictive_controlbW  |        0|      3|  445|  782|
    |predictive_contromb6_U1335  |predictive_contromb6  |        0|      0|  130|  118|
    |predictive_controncg_U1336  |predictive_controncg  |        0|      0|    0|  802|
    |predictive_controncg_U1337  |predictive_controncg  |        0|      0|    0|  802|
    |predictive_controncg_U1341  |predictive_controncg  |        0|      0|    0|  802|
    |predictive_controocq_U1338  |predictive_controocq  |        0|      0|    0|  802|
    |predictive_controocq_U1339  |predictive_controocq  |        0|      0|    0|  802|
    |predictive_controocq_U1340  |predictive_controocq  |        0|      0|    0|  802|
    +----------------------------+----------------------+---------+-------+-----+-----+
    |Total                       |                      |        0|     10| 1385| 6754|
    +----------------------------+----------------------+---------+-------+-----+-----+

    * DSP48: 
    N/A

    * Memory: 
    N/A

    * FIFO: 
    N/A

    * Expression: 
    +---------------------------------+----------+-------+---+-----+------------+------------+
    |          Variable Name          | Operation| DSP48E| FF| LUT | Bitwidth P0| Bitwidth P1|
    +---------------------------------+----------+-------+---+-----+------------+------------+
    |i_fu_4160_p2                     |     +    |      0|  0|   15|           6|           1|
    |indvarinc_fu_3240_p2             |     +    |      0|  0|   12|           4|           1|
    |level_1_fu_6922_p2               |     +    |      0|  0|   39|          32|           1|
    |ll_1_fu_4036_p2                  |     +    |      0|  0|   12|           4|           1|
    |switch_point_0_2_fu_7447_p2      |     +    |      0|  0|   39|          32|           1|
    |switch_point_0_5_fu_6906_p2      |     +    |      0|  0|   39|          32|           1|
    |switch_point_10_2_fu_7016_p2     |     +    |      0|  0|   39|          32|           1|
    |switch_point_11_1_fu_6988_p2     |     +    |      0|  0|   39|          32|           1|
    |switch_point_1_2_fu_7418_p2      |     +    |      0|  0|   39|          32|           1|
    |switch_point_2_2_fu_7317_p2      |     +    |      0|  0|   39|          32|           1|
    |switch_point_3_2_fu_7279_p2      |     +    |      0|  0|   39|          32|           1|
    |switch_point_4_2_fu_7241_p2      |     +    |      0|  0|   39|          32|           1|
    |switch_point_5_2_fu_7203_p2      |     +    |      0|  0|   39|          32|           1|
    |switch_point_6_2_fu_7168_p2      |     +    |      0|  0|   39|          32|           1|
    |switch_point_7_2_fu_7130_p2      |     +    |      0|  0|   39|          32|           1|
    |switch_point_8_2_fu_7092_p2      |     +    |      0|  0|   39|          32|           1|
    |switch_point_9_2_fu_7054_p2      |     +    |      0|  0|   39|          32|           1|
    |tmp_1_fu_4294_p2                 |     -    |      0|  0|   39|          32|          32|
    |ap_condition_5916                |    and   |      0|  0|    2|           1|           1|
    |ap_condition_5920                |    and   |      0|  0|    2|           1|           1|
    |ap_condition_5924                |    and   |      0|  0|    2|           1|           1|
    |ap_condition_5928                |    and   |      0|  0|    2|           1|           1|
    |ap_condition_5932                |    and   |      0|  0|    2|           1|           1|
    |ap_condition_5936                |    and   |      0|  0|    2|           1|           1|
    |ap_condition_5940                |    and   |      0|  0|    2|           1|           1|
    |ap_condition_5944                |    and   |      0|  0|    2|           1|           1|
    |ap_condition_5948                |    and   |      0|  0|    2|           1|           1|
    |ap_condition_5952                |    and   |      0|  0|    2|           1|           1|
    |ap_condition_5956                |    and   |      0|  0|    2|           1|           1|
    |ap_condition_5960                |    and   |      0|  0|    2|           1|           1|
    |ap_condition_5964                |    and   |      0|  0|    2|           1|           1|
    |ap_condition_5968                |    and   |      0|  0|    2|           1|           1|
    |ap_condition_5972                |    and   |      0|  0|    2|           1|           1|
    |ap_condition_5976                |    and   |      0|  0|    2|           1|           1|
    |sel_tmp10_fu_6670_p2             |    and   |      0|  0|    2|           1|           1|
    |sel_tmp13_fu_6713_p2             |    and   |      0|  0|    2|           1|           1|
    |sel_tmp16_fu_6737_p2             |    and   |      0|  0|    2|           1|           1|
    |sel_tmp1_fu_6567_p2              |    and   |      0|  0|    2|           1|           1|
    |sel_tmp4_fu_6592_p2              |    and   |      0|  0|    2|           1|           1|
    |sel_tmp7_fu_6646_p2              |    and   |      0|  0|    2|           1|           1|
    |tmp_315_fu_6894_p2               |    and   |      0|  0|    2|           1|           1|
    |tmp_317_fu_6900_p2               |    and   |      0|  0|    2|           1|           1|
    |exitcond2_fu_4154_p2             |   icmp   |      0|  0|   11|           6|           6|
    |exitcond3_fu_4030_p2             |   icmp   |      0|  0|    9|           4|           4|
    |icmp10_fu_7273_p2                |   icmp   |      0|  0|   20|          31|           1|
    |icmp11_fu_7311_p2                |   icmp   |      0|  0|   20|          31|           1|
    |icmp12_fu_7349_p2                |   icmp   |      0|  0|   20|          31|           1|
    |icmp13_fu_7441_p2                |   icmp   |      0|  0|   20|          31|           1|
    |icmp1_fu_5108_p2                 |   icmp   |      0|  0|   20|          30|           1|
    |icmp2_fu_5864_p2                 |   icmp   |      0|  0|   20|          29|           1|
    |icmp3_fu_7010_p2                 |   icmp   |      0|  0|   20|          31|           1|
    |icmp4_fu_7048_p2                 |   icmp   |      0|  0|   20|          31|           1|
    |icmp5_fu_7086_p2                 |   icmp   |      0|  0|   20|          31|           1|
    |icmp6_fu_7124_p2                 |   icmp   |      0|  0|   20|          31|           1|
    |icmp7_fu_7162_p2                 |   icmp   |      0|  0|   20|          31|           1|
    |icmp8_fu_7197_p2                 |   icmp   |      0|  0|   20|          31|           1|
    |icmp9_fu_7235_p2                 |   icmp   |      0|  0|   20|          31|           1|
    |icmp_fu_6623_p2                  |   icmp   |      0|  0|   20|          31|           1|
    |notlhs1_fu_6876_p2               |   icmp   |      0|  0|   13|          11|           2|
    |notlhs_fu_6858_p2                |   icmp   |      0|  0|   13|          11|           2|
    |notrhs1_fu_6882_p2               |   icmp   |      0|  0|   29|          52|           1|
    |notrhs_fu_6864_p2                |   icmp   |      0|  0|   29|          52|           1|
    |tmp_101_fu_4548_p2               |   icmp   |      0|  0|   11|           8|           6|
    |tmp_103_fu_4561_p2               |   icmp   |      0|  0|   11|           8|           7|
    |tmp_105_fu_4574_p2               |   icmp   |      0|  0|   11|           8|           7|
    |tmp_107_fu_4587_p2               |   icmp   |      0|  0|   11|           8|           7|
    |tmp_109_fu_4600_p2               |   icmp   |      0|  0|   11|           8|           7|
    |tmp_111_fu_4613_p2               |   icmp   |      0|  0|   11|           8|           7|
    |tmp_112_fu_4324_p2               |   icmp   |      0|  0|   11|           8|           1|
    |tmp_114_fu_4336_p2               |   icmp   |      0|  0|   11|           8|           4|
    |tmp_116_fu_4349_p2               |   icmp   |      0|  0|   11|           8|           5|
    |tmp_118_fu_4362_p2               |   icmp   |      0|  0|   11|           8|           6|
    |tmp_11_fu_3302_p2                |   icmp   |      0|  0|    9|           4|           3|
    |tmp_120_fu_4375_p2               |   icmp   |      0|  0|   11|           8|           6|
    |tmp_122_fu_4388_p2               |   icmp   |      0|  0|   11|           8|           6|
    |tmp_124_fu_4401_p2               |   icmp   |      0|  0|   11|           8|           7|
    |tmp_126_fu_4414_p2               |   icmp   |      0|  0|   11|           8|           7|
    |tmp_128_fu_4427_p2               |   icmp   |      0|  0|   11|           8|           7|
    |tmp_130_fu_4440_p2               |   icmp   |      0|  0|   11|           8|           7|
    |tmp_132_fu_4453_p2               |   icmp   |      0|  0|   11|           8|           7|
    |tmp_136_fu_5114_p2               |   icmp   |      0|  0|   11|           8|           1|
    |tmp_137_fu_5120_p2               |   icmp   |      0|  0|   11|           8|           4|
    |tmp_138_fu_5126_p2               |   icmp   |      0|  0|   11|           8|           5|
    |tmp_139_fu_5132_p2               |   icmp   |      0|  0|   11|           8|           6|
    |tmp_13_fu_3316_p2                |   icmp   |      0|  0|    9|           4|           3|
    |tmp_140_fu_5138_p2               |   icmp   |      0|  0|   11|           8|           6|
    |tmp_141_fu_5144_p2               |   icmp   |      0|  0|   11|           8|           6|
    |tmp_142_fu_5150_p2               |   icmp   |      0|  0|   11|           8|           7|
    |tmp_143_fu_5156_p2               |   icmp   |      0|  0|   11|           8|           7|
    |tmp_144_fu_5162_p2               |   icmp   |      0|  0|   11|           8|           7|
    |tmp_145_fu_5168_p2               |   icmp   |      0|  0|   11|           8|           7|
    |tmp_146_fu_5174_p2               |   icmp   |      0|  0|   11|           8|           7|
    |tmp_15_fu_3330_p2                |   icmp   |      0|  0|    9|           4|           3|
    |tmp_17_fu_3344_p2                |   icmp   |      0|  0|    9|           4|           3|
    |tmp_19_fu_3358_p2                |   icmp   |      0|  0|   11|           4|           5|
    |tmp_21_fu_3372_p2                |   icmp   |      0|  0|    9|           4|           4|
    |tmp_23_fu_3386_p2                |   icmp   |      0|  0|    9|           4|           4|
    |tmp_38_fu_6916_p2                |   icmp   |      0|  0|   20|          32|           4|
    |tmp_39_fu_4308_p2                |   icmp   |      0|  0|   20|          32|           1|
    |tmp_3_fu_3246_p2                 |   icmp   |      0|  0|    9|           4|           1|
    |tmp_40_fu_4314_p2                |   icmp   |      0|  0|   20|          32|           2|
    |tmp_44_1_fu_6544_p2              |   icmp   |      0|  0|   20|          32|           1|
    |tmp_44_2_fu_6374_p2              |   icmp   |      0|  0|   20|          32|           4|
    |tmp_44_3_fu_6690_p2              |   icmp   |      0|  0|   20|          32|           2|
    |tmp_44_5_fu_5344_p2              |   icmp   |      0|  0|   20|          32|           3|
    |tmp_44_6_fu_5514_p2              |   icmp   |      0|  0|   20|          32|           3|
    |tmp_44_7_fu_5684_p2              |   icmp   |      0|  0|   20|          32|           3|
    |tmp_44_9_fu_6034_p2              |   icmp   |      0|  0|   20|          32|           4|
    |tmp_44_s_fu_6204_p2              |   icmp   |      0|  0|   20|          32|           4|
    |tmp_48_10_fu_6380_p2             |   icmp   |      0|  0|   20|          32|           1|
    |tmp_48_1_fu_6550_p2              |   icmp   |      0|  0|   20|          32|           1|
    |tmp_48_2_fu_6629_p2              |   icmp   |      0|  0|   20|          32|           1|
    |tmp_48_3_fu_6696_p2              |   icmp   |      0|  0|   20|          32|           1|
    |tmp_48_4_fu_5180_p2              |   icmp   |      0|  0|   20|          32|           1|
    |tmp_48_5_fu_5350_p2              |   icmp   |      0|  0|   20|          32|           1|
    |tmp_48_6_fu_5520_p2              |   icmp   |      0|  0|   20|          32|           1|
    |tmp_48_7_fu_5690_p2              |   icmp   |      0|  0|   20|          32|           1|
    |tmp_48_8_fu_5870_p2              |   icmp   |      0|  0|   20|          32|           1|
    |tmp_48_9_fu_6040_p2              |   icmp   |      0|  0|   20|          32|           1|
    |tmp_48_s_fu_6210_p2              |   icmp   |      0|  0|   20|          32|           1|
    |tmp_52_10_fu_6386_p2             |   icmp   |      0|  0|   20|          32|           2|
    |tmp_52_1_fu_6556_p2              |   icmp   |      0|  0|   20|          32|           2|
    |tmp_52_2_fu_6635_p2              |   icmp   |      0|  0|   20|          32|           2|
    |tmp_52_3_fu_6702_p2              |   icmp   |      0|  0|   20|          32|           2|
    |tmp_52_4_fu_5186_p2              |   icmp   |      0|  0|   20|          32|           2|
    |tmp_52_5_fu_5356_p2              |   icmp   |      0|  0|   20|          32|           2|
    |tmp_52_6_fu_5526_p2              |   icmp   |      0|  0|   20|          32|           2|
    |tmp_52_7_fu_5696_p2              |   icmp   |      0|  0|   20|          32|           2|
    |tmp_52_8_fu_5876_p2              |   icmp   |      0|  0|   20|          32|           2|
    |tmp_52_9_fu_6046_p2              |   icmp   |      0|  0|   20|          32|           2|
    |tmp_52_s_fu_6216_p2              |   icmp   |      0|  0|   20|          32|           2|
    |tmp_5_fu_3260_p2                 |   icmp   |      0|  0|    9|           4|           1|
    |tmp_7_fu_3274_p2                 |   icmp   |      0|  0|    9|           4|           2|
    |tmp_91_fu_4484_p2                |   icmp   |      0|  0|   11|           8|           1|
    |tmp_93_fu_4496_p2                |   icmp   |      0|  0|   11|           8|           4|
    |tmp_95_fu_4509_p2                |   icmp   |      0|  0|   11|           8|           5|
    |tmp_97_fu_4522_p2                |   icmp   |      0|  0|   11|           8|           6|
    |tmp_99_fu_4535_p2                |   icmp   |      0|  0|   11|           8|           6|
    |tmp_9_fu_3288_p2                 |   icmp   |      0|  0|    9|           4|           2|
    |tmp_s_fu_3928_p2                 |   icmp   |      0|  0|    9|           4|           4|
    |or_cond1_fu_7491_p2              |    or    |      0|  0|    2|           1|           1|
    |or_cond2_fu_7371_p2              |    or    |      0|  0|    2|           1|           1|
    |or_cond3_fu_7495_p2              |    or    |      0|  0|    2|           1|           1|
    |or_cond4_fu_7391_p2              |    or    |      0|  0|    2|           1|           1|
    |or_cond5_fu_7511_p2              |    or    |      0|  0|    2|           1|           1|
    |or_cond6_fu_7517_p2              |    or    |      0|  0|    2|           1|           1|
    |or_cond7_fu_7533_p2              |    or    |      0|  0|    2|           1|           1|
    |or_cond_fu_7479_p2               |    or    |      0|  0|    2|           1|           1|
    |sel_tmp18_demorgan_fu_6581_p2    |    or    |      0|  0|    2|           1|           1|
    |sel_tmp27_demorgan_fu_6659_p2    |    or    |      0|  0|    2|           1|           1|
    |sel_tmp36_demorgan_fu_6726_p2    |    or    |      0|  0|    2|           1|           1|
    |tmp_133_fu_4636_p145             |    or    |      0|  0|    8|           8|           1|
    |tmp_134_fu_4792_p145             |    or    |      0|  0|    8|           8|           2|
    |tmp_135_fu_4948_p145             |    or    |      0|  0|    8|           8|           2|
    |tmp_313_fu_6870_p2               |    or    |      0|  0|    2|           1|           1|
    |tmp_314_fu_6888_p2               |    or    |      0|  0|    2|           1|           1|
    |V_Gen_a_load_0_phi_fu_4619_p3    |  select  |      0|  0|   32|           1|          32|
    |V_Gen_a_load_10_phi_fu_6367_p3   |  select  |      0|  0|   32|           1|          32|
    |V_Gen_a_load_11_phi_fu_6537_p3   |  select  |      0|  0|   32|           1|          32|
    |V_Gen_a_load_1_0_phi_fu_4459_p3  |  select  |      0|  0|   32|           1|          32|
    |V_Gen_a_load_1_10_ph_fu_6291_p3  |  select  |      0|  0|   32|           1|          32|
    |V_Gen_a_load_1_11_ph_fu_6461_p3  |  select  |      0|  0|   32|           1|          32|
    |V_Gen_a_load_1_4_phi_fu_5261_p3  |  select  |      0|  0|   32|           1|          32|
    |V_Gen_a_load_1_5_phi_fu_5431_p3  |  select  |      0|  0|   32|           1|          32|
    |V_Gen_a_load_1_6_phi_fu_5601_p3  |  select  |      0|  0|   32|           1|          32|
    |V_Gen_a_load_1_7_phi_fu_5771_p3  |  select  |      0|  0|   32|           1|          32|
    |V_Gen_a_load_1_8_phi_fu_5951_p3  |  select  |      0|  0|   32|           1|          32|
    |V_Gen_a_load_1_9_phi_fu_6121_p3  |  select  |      0|  0|   32|           1|          32|
    |V_Gen_a_load_4_phi_fu_5337_p3    |  select  |      0|  0|   32|           1|          32|
    |V_Gen_a_load_5_phi_fu_5507_p3    |  select  |      0|  0|   32|           1|          32|
    |V_Gen_a_load_6_phi_fu_5677_p3    |  select  |      0|  0|   32|           1|          32|
    |V_Gen_a_load_7_phi_fu_5847_p3    |  select  |      0|  0|   32|           1|          32|
    |V_Gen_a_load_8_phi_fu_6027_p3    |  select  |      0|  0|   32|           1|          32|
    |V_Gen_a_load_9_phi_fu_6197_p3    |  select  |      0|  0|   32|           1|          32|
    |dist_array_0_1_fu_3392_p3        |  select  |      0|  0|   32|           1|          32|
    |dist_array_10_1_fu_3832_p3       |  select  |      0|  0|   32|           1|           1|
    |dist_array_11_1_fu_3920_p3       |  select  |      0|  0|   32|           1|          32|
    |dist_array_1_1_fu_3472_p3        |  select  |      0|  0|   32|           1|          32|
    |dist_array_2_1_fu_3544_p3        |  select  |      0|  0|   32|           1|          32|
    |dist_array_3_1_fu_3608_p3        |  select  |      0|  0|   32|           1|          32|
    |dist_array_4_1_fu_3664_p3        |  select  |      0|  0|   32|           1|          32|
    |dist_array_5_1_fu_3712_p3        |  select  |      0|  0|   32|           1|          32|
    |dist_array_6_1_fu_3752_p3        |  select  |      0|  0|   32|           1|          32|
    |dist_array_7_1_fu_3784_p3        |  select  |      0|  0|   32|           1|          32|
    |dist_array_8_1_fu_3808_p3        |  select  |      0|  0|   32|           1|          32|
    |dist_array_9_1_fu_3824_p3        |  select  |      0|  0|   32|           1|          32|
    |dist_matmul_3_1_fu_6606_p3       |  select  |      0|  0|   32|           1|          32|
    |dist_matmul_3_2_fu_6684_p3       |  select  |      0|  0|   32|           1|          32|
    |dist_matmul_3_3_fu_6751_p3       |  select  |      0|  0|   32|           1|          32|
    |newSel160_cast_cast_fu_7377_p3   |  select  |      0|  0|    3|           1|           3|
    |newSel162_cast_cast_fu_7384_p3   |  select  |      0|  0|    4|           1|           4|
    |newSel1_fu_7363_p3               |  select  |      0|  0|    4|           1|           4|
    |newSel2_fu_7395_p3               |  select  |      0|  0|   32|           1|           4|
    |newSel3_fu_7499_p3               |  select  |      0|  0|    2|           1|           2|
    |newSel4_fu_7402_p3               |  select  |      0|  0|    3|           1|           3|
    |newSel5_fu_7410_p3               |  select  |      0|  0|   32|           1|          32|
    |newSel6_fu_7522_p3               |  select  |      0|  0|    3|           1|           3|
    |newSel7_fu_7539_p3               |  select  |      0|  0|   32|           1|          32|
    |newSel_fu_7484_p3                |  select  |      0|  0|    3|           1|           3|
    |sel_tmp11_fu_6676_p3             |  select  |      0|  0|   32|           1|          32|
    |sel_tmp14_fu_6719_p3             |  select  |      0|  0|   32|           1|          32|
    |sel_tmp17_fu_6743_p3             |  select  |      0|  0|   32|           1|          32|
    |sel_tmp2_fu_6573_p3              |  select  |      0|  0|   32|           1|          32|
    |sel_tmp5_fu_6598_p3              |  select  |      0|  0|   32|           1|          32|
    |sel_tmp8_fu_6652_p3              |  select  |      0|  0|   32|           1|          32|
    |switch_point_0_3_fu_7461_p3      |  select  |      0|  0|   32|           1|          32|
    |switch_point_10_3_fu_7030_p3     |  select  |      0|  0|   32|           1|          32|
    |switch_point_10_6_fu_7060_p3     |  select  |      0|  0|   32|           1|           2|
    |switch_point_11_4_fu_7022_p3     |  select  |      0|  0|   32|           1|           2|
    |switch_point_1_3_fu_7424_p3      |  select  |      0|  0|   32|           1|          32|
    |switch_point_1_6_fu_7453_p3      |  select  |      0|  0|   32|           1|           2|
    |switch_point_2_3_fu_7331_p3      |  select  |      0|  0|   32|           1|          32|
    |switch_point_2_6_fu_7355_p3      |  select  |      0|  0|   32|           1|           2|
    |switch_point_3_3_fu_7293_p3      |  select  |      0|  0|   32|           1|          32|
    |switch_point_3_6_fu_7323_p3      |  select  |      0|  0|   32|           1|           2|
    |switch_point_4_3_fu_7255_p3      |  select  |      0|  0|   32|           1|          32|
    |switch_point_4_6_fu_7285_p3      |  select  |      0|  0|   32|           1|           2|
    |switch_point_5_3_fu_7217_p3      |  select  |      0|  0|   32|           1|          32|
    |switch_point_5_6_fu_7247_p3      |  select  |      0|  0|   32|           1|           2|
    |switch_point_6_3_fu_7180_p3      |  select  |      0|  0|   32|           1|          32|
    |switch_point_6_6_fu_7209_p3      |  select  |      0|  0|   32|           1|           2|
    |switch_point_7_3_fu_7144_p3      |  select  |      0|  0|   32|           1|          32|
    |switch_point_7_6_fu_7174_p3      |  select  |      0|  0|   32|           1|           2|
    |switch_point_8_3_fu_7106_p3      |  select  |      0|  0|   32|           1|          32|
    |switch_point_8_6_fu_7136_p3      |  select  |      0|  0|   32|           1|           2|
    |switch_point_9_3_fu_7068_p3      |  select  |      0|  0|   32|           1|          32|
    |switch_point_9_6_fu_7098_p3      |  select  |      0|  0|   32|           1|           2|
    |tmp_100_fu_4541_p3               |  select  |      0|  0|   32|           1|          32|
    |tmp_102_fu_4554_p3               |  select  |      0|  0|   32|           1|          32|
    |tmp_104_fu_4567_p3               |  select  |      0|  0|   32|           1|          32|
    |tmp_106_fu_4580_p3               |  select  |      0|  0|   32|           1|          32|
    |tmp_108_fu_4593_p3               |  select  |      0|  0|   32|           1|          32|
    |tmp_10_fu_3294_p3                |  select  |      0|  0|   32|           1|          32|
    |tmp_110_fu_4606_p3               |  select  |      0|  0|   32|           1|          32|
    |tmp_113_fu_4330_p3               |  select  |      0|  0|   32|           1|          32|
    |tmp_115_fu_4342_p3               |  select  |      0|  0|   32|           1|          32|
    |tmp_117_fu_4355_p3               |  select  |      0|  0|   32|           1|          32|
    |tmp_119_fu_4368_p3               |  select  |      0|  0|   32|           1|          32|
    |tmp_121_fu_4381_p3               |  select  |      0|  0|   32|           1|          32|
    |tmp_123_fu_4394_p3               |  select  |      0|  0|   32|           1|          32|
    |tmp_125_fu_4407_p3               |  select  |      0|  0|   32|           1|          32|
    |tmp_127_fu_4420_p3               |  select  |      0|  0|   32|           1|          32|
    |tmp_129_fu_4433_p3               |  select  |      0|  0|   32|           1|          32|
    |tmp_12_fu_3308_p3                |  select  |      0|  0|   32|           1|          32|
    |tmp_131_fu_4446_p3               |  select  |      0|  0|   32|           1|          32|
    |tmp_147_fu_5268_p3               |  select  |      0|  0|   32|           1|          32|
    |tmp_148_fu_5274_p3               |  select  |      0|  0|   32|           1|          32|
    |tmp_149_fu_5281_p3               |  select  |      0|  0|   32|           1|          32|
    |tmp_14_fu_3322_p3                |  select  |      0|  0|   32|           1|          32|
    |tmp_150_fu_5288_p3               |  select  |      0|  0|   32|           1|          32|
    |tmp_151_fu_5295_p3               |  select  |      0|  0|   32|           1|          32|
    |tmp_152_fu_5302_p3               |  select  |      0|  0|   32|           1|          32|
    |tmp_153_fu_5309_p3               |  select  |      0|  0|   32|           1|          32|
    |tmp_154_fu_5316_p3               |  select  |      0|  0|   32|           1|          32|
    |tmp_155_fu_5323_p3               |  select  |      0|  0|   32|           1|          32|
    |tmp_156_fu_5330_p3               |  select  |      0|  0|   32|           1|          32|
    |tmp_157_fu_5192_p3               |  select  |      0|  0|   32|           1|          32|
    |tmp_158_fu_5198_p3               |  select  |      0|  0|   32|           1|          32|
    |tmp_159_fu_5205_p3               |  select  |      0|  0|   32|           1|          32|
    |tmp_160_fu_5212_p3               |  select  |      0|  0|   32|           1|          32|
    |tmp_161_fu_5219_p3               |  select  |      0|  0|   32|           1|          32|
    |tmp_162_fu_5226_p3               |  select  |      0|  0|   32|           1|          32|
    |tmp_163_fu_5233_p3               |  select  |      0|  0|   32|           1|          32|
    |tmp_164_fu_5240_p3               |  select  |      0|  0|   32|           1|          32|
    |tmp_165_fu_5247_p3               |  select  |      0|  0|   32|           1|          32|
    |tmp_166_fu_5254_p3               |  select  |      0|  0|   32|           1|          32|
    |tmp_167_fu_5438_p3               |  select  |      0|  0|   32|           1|          32|
    |tmp_168_fu_5444_p3               |  select  |      0|  0|   32|           1|          32|
    |tmp_169_fu_5451_p3               |  select  |      0|  0|   32|           1|          32|
    |tmp_16_fu_3336_p3                |  select  |      0|  0|   32|           1|          32|
    |tmp_170_fu_5458_p3               |  select  |      0|  0|   32|           1|          32|
    |tmp_171_fu_5465_p3               |  select  |      0|  0|   32|           1|          32|
    |tmp_172_fu_5472_p3               |  select  |      0|  0|   32|           1|          32|
    |tmp_173_fu_5479_p3               |  select  |      0|  0|   32|           1|          32|
    |tmp_174_fu_5486_p3               |  select  |      0|  0|   32|           1|          32|
    |tmp_175_fu_5493_p3               |  select  |      0|  0|   32|           1|          32|
    |tmp_176_fu_5500_p3               |  select  |      0|  0|   32|           1|          32|
    |tmp_177_fu_5362_p3               |  select  |      0|  0|   32|           1|          32|
    |tmp_178_fu_5368_p3               |  select  |      0|  0|   32|           1|          32|
    |tmp_179_fu_5375_p3               |  select  |      0|  0|   32|           1|          32|
    |tmp_180_fu_5382_p3               |  select  |      0|  0|   32|           1|          32|
    |tmp_181_fu_5389_p3               |  select  |      0|  0|   32|           1|          32|
    |tmp_182_fu_5396_p3               |  select  |      0|  0|   32|           1|          32|
    |tmp_183_fu_5403_p3               |  select  |      0|  0|   32|           1|          32|
    |tmp_184_fu_5410_p3               |  select  |      0|  0|   32|           1|          32|
    |tmp_185_fu_5417_p3               |  select  |      0|  0|   32|           1|          32|
    |tmp_186_fu_5424_p3               |  select  |      0|  0|   32|           1|          32|
    |tmp_187_fu_5608_p3               |  select  |      0|  0|   32|           1|          32|
    |tmp_188_fu_5614_p3               |  select  |      0|  0|   32|           1|          32|
    |tmp_189_fu_5621_p3               |  select  |      0|  0|   32|           1|          32|
    |tmp_18_fu_3350_p3                |  select  |      0|  0|   32|           1|          32|
    |tmp_190_fu_5628_p3               |  select  |      0|  0|   32|           1|          32|
    |tmp_191_fu_5635_p3               |  select  |      0|  0|   32|           1|          32|
    |tmp_192_fu_5642_p3               |  select  |      0|  0|   32|           1|          32|
    |tmp_193_fu_5649_p3               |  select  |      0|  0|   32|           1|          32|
    |tmp_194_fu_5656_p3               |  select  |      0|  0|   32|           1|          32|
    |tmp_195_fu_5663_p3               |  select  |      0|  0|   32|           1|          32|
    |tmp_196_fu_5670_p3               |  select  |      0|  0|   32|           1|          32|
    |tmp_197_fu_5532_p3               |  select  |      0|  0|   32|           1|          32|
    |tmp_198_fu_5538_p3               |  select  |      0|  0|   32|           1|          32|
    |tmp_199_fu_5545_p3               |  select  |      0|  0|   32|           1|          32|
    |tmp_200_fu_5552_p3               |  select  |      0|  0|   32|           1|          32|
    |tmp_201_fu_5559_p3               |  select  |      0|  0|   32|           1|          32|
    |tmp_202_fu_5566_p3               |  select  |      0|  0|   32|           1|          32|
    |tmp_203_fu_5573_p3               |  select  |      0|  0|   32|           1|          32|
    |tmp_204_fu_5580_p3               |  select  |      0|  0|   32|           1|          32|
    |tmp_205_fu_5587_p3               |  select  |      0|  0|   32|           1|          32|
    |tmp_206_fu_5594_p3               |  select  |      0|  0|   32|           1|          32|
    |tmp_207_fu_5778_p3               |  select  |      0|  0|   32|           1|          32|
    |tmp_208_fu_5784_p3               |  select  |      0|  0|   32|           1|          32|
    |tmp_209_fu_5791_p3               |  select  |      0|  0|   32|           1|          32|
    |tmp_20_fu_3364_p3                |  select  |      0|  0|   32|           1|          32|
    |tmp_210_fu_5798_p3               |  select  |      0|  0|   32|           1|          32|
    |tmp_211_fu_5805_p3               |  select  |      0|  0|   32|           1|          32|
    |tmp_212_fu_5812_p3               |  select  |      0|  0|   32|           1|          32|
    |tmp_213_fu_5819_p3               |  select  |      0|  0|   32|           1|          32|
    |tmp_214_fu_5826_p3               |  select  |      0|  0|   32|           1|          32|
    |tmp_215_fu_5833_p3               |  select  |      0|  0|   32|           1|          32|
    |tmp_216_fu_5840_p3               |  select  |      0|  0|   32|           1|          32|
    |tmp_217_fu_5702_p3               |  select  |      0|  0|   32|           1|          32|
    |tmp_218_fu_5708_p3               |  select  |      0|  0|   32|           1|          32|
    |tmp_219_fu_5715_p3               |  select  |      0|  0|   32|           1|          32|
    |tmp_220_fu_5722_p3               |  select  |      0|  0|   32|           1|          32|
    |tmp_221_fu_5729_p3               |  select  |      0|  0|   32|           1|          32|
    |tmp_222_fu_5736_p3               |  select  |      0|  0|   32|           1|          32|
    |tmp_223_fu_5743_p3               |  select  |      0|  0|   32|           1|          32|
    |tmp_224_fu_5750_p3               |  select  |      0|  0|   32|           1|          32|
    |tmp_225_fu_5757_p3               |  select  |      0|  0|   32|           1|          32|
    |tmp_226_fu_5764_p3               |  select  |      0|  0|   32|           1|          32|
    |tmp_227_fu_5958_p3               |  select  |      0|  0|   32|           1|          32|
    |tmp_228_fu_5964_p3               |  select  |      0|  0|   32|           1|          32|
    |tmp_229_fu_5971_p3               |  select  |      0|  0|   32|           1|          32|
    |tmp_22_fu_3378_p3                |  select  |      0|  0|   32|           1|          32|
    |tmp_230_fu_5978_p3               |  select  |      0|  0|   32|           1|          32|
    |tmp_231_fu_5985_p3               |  select  |      0|  0|   32|           1|          32|
    |tmp_232_fu_5992_p3               |  select  |      0|  0|   32|           1|          32|
    |tmp_233_fu_5999_p3               |  select  |      0|  0|   32|           1|          32|
    |tmp_234_fu_6006_p3               |  select  |      0|  0|   32|           1|          32|
    |tmp_235_fu_6013_p3               |  select  |      0|  0|   32|           1|          32|
    |tmp_236_fu_6020_p3               |  select  |      0|  0|   32|           1|          32|
    |tmp_237_fu_5882_p3               |  select  |      0|  0|   32|           1|          32|
    |tmp_238_fu_5888_p3               |  select  |      0|  0|   32|           1|          32|
    |tmp_239_fu_5895_p3               |  select  |      0|  0|   32|           1|          32|
    |tmp_240_fu_5902_p3               |  select  |      0|  0|   32|           1|          32|
    |tmp_241_fu_5909_p3               |  select  |      0|  0|   32|           1|          32|
    |tmp_242_fu_5916_p3               |  select  |      0|  0|   32|           1|          32|
    |tmp_243_fu_5923_p3               |  select  |      0|  0|   32|           1|          32|
    |tmp_244_fu_5930_p3               |  select  |      0|  0|   32|           1|          32|
    |tmp_245_fu_5937_p3               |  select  |      0|  0|   32|           1|          32|
    |tmp_246_fu_5944_p3               |  select  |      0|  0|   32|           1|          32|
    |tmp_247_fu_6128_p3               |  select  |      0|  0|   32|           1|          32|
    |tmp_248_fu_6134_p3               |  select  |      0|  0|   32|           1|          32|
    |tmp_249_fu_6141_p3               |  select  |      0|  0|   32|           1|          32|
    |tmp_24_fu_3400_p3                |  select  |      0|  0|   32|           1|           1|
    |tmp_250_fu_6148_p3               |  select  |      0|  0|   32|           1|          32|
    |tmp_251_fu_6155_p3               |  select  |      0|  0|   32|           1|          32|
    |tmp_252_fu_6162_p3               |  select  |      0|  0|   32|           1|          32|
    |tmp_253_fu_6169_p3               |  select  |      0|  0|   32|           1|          32|
    |tmp_254_fu_6176_p3               |  select  |      0|  0|   32|           1|          32|
    |tmp_255_fu_6183_p3               |  select  |      0|  0|   32|           1|          32|
    |tmp_256_fu_6190_p3               |  select  |      0|  0|   32|           1|          32|
    |tmp_257_fu_6052_p3               |  select  |      0|  0|   32|           1|          32|
    |tmp_258_fu_6058_p3               |  select  |      0|  0|   32|           1|          32|
    |tmp_259_fu_6065_p3               |  select  |      0|  0|   32|           1|          32|
    |tmp_25_fu_3408_p3                |  select  |      0|  0|   32|           1|          32|
    |tmp_260_fu_6072_p3               |  select  |      0|  0|   32|           1|          32|
    |tmp_261_fu_6079_p3               |  select  |      0|  0|   32|           1|          32|
    |tmp_262_fu_6086_p3               |  select  |      0|  0|   32|           1|          32|
    |tmp_263_fu_6093_p3               |  select  |      0|  0|   32|           1|          32|
    |tmp_264_fu_6100_p3               |  select  |      0|  0|   32|           1|          32|
    |tmp_265_fu_6107_p3               |  select  |      0|  0|   32|           1|          32|
    |tmp_266_fu_6114_p3               |  select  |      0|  0|   32|           1|          32|
    |tmp_267_fu_6298_p3               |  select  |      0|  0|   32|           1|          32|
    |tmp_268_fu_6304_p3               |  select  |      0|  0|   32|           1|          32|
    |tmp_269_fu_6311_p3               |  select  |      0|  0|   32|           1|          32|
    |tmp_26_fu_3416_p3                |  select  |      0|  0|   32|           1|          32|
    |tmp_270_fu_6318_p3               |  select  |      0|  0|   32|           1|          32|
    |tmp_271_fu_6325_p3               |  select  |      0|  0|   32|           1|          32|
    |tmp_272_fu_6332_p3               |  select  |      0|  0|   32|           1|          32|
    |tmp_273_fu_6339_p3               |  select  |      0|  0|   32|           1|          32|
    |tmp_274_fu_6346_p3               |  select  |      0|  0|   32|           1|          32|
    |tmp_275_fu_6353_p3               |  select  |      0|  0|   32|           1|          32|
    |tmp_276_fu_6360_p3               |  select  |      0|  0|   32|           1|          32|
    |tmp_277_fu_6222_p3               |  select  |      0|  0|   32|           1|          32|
    |tmp_278_fu_6228_p3               |  select  |      0|  0|   32|           1|          32|
    |tmp_279_fu_6235_p3               |  select  |      0|  0|   32|           1|          32|
    |tmp_27_fu_3424_p3                |  select  |      0|  0|   32|           1|          32|
    |tmp_280_fu_6242_p3               |  select  |      0|  0|   32|           1|          32|
    |tmp_281_fu_6249_p3               |  select  |      0|  0|   32|           1|          32|
    |tmp_282_fu_6256_p3               |  select  |      0|  0|   32|           1|          32|
    |tmp_283_fu_6263_p3               |  select  |      0|  0|   32|           1|          32|
    |tmp_284_fu_6270_p3               |  select  |      0|  0|   32|           1|          32|
    |tmp_285_fu_6277_p3               |  select  |      0|  0|   32|           1|          32|
    |tmp_286_fu_6284_p3               |  select  |      0|  0|   32|           1|          32|
    |tmp_287_fu_6468_p3               |  select  |      0|  0|   32|           1|          32|
    |tmp_288_fu_6474_p3               |  select  |      0|  0|   32|           1|          32|
    |tmp_289_fu_6481_p3               |  select  |      0|  0|   32|           1|          32|
    |tmp_28_fu_3432_p3                |  select  |      0|  0|   32|           1|          32|
    |tmp_290_fu_6488_p3               |  select  |      0|  0|   32|           1|          32|
    |tmp_291_fu_6495_p3               |  select  |      0|  0|   32|           1|          32|
    |tmp_292_fu_6502_p3               |  select  |      0|  0|   32|           1|          32|
    |tmp_293_fu_6509_p3               |  select  |      0|  0|   32|           1|          32|
    |tmp_294_fu_6516_p3               |  select  |      0|  0|   32|           1|          32|
    |tmp_295_fu_6523_p3               |  select  |      0|  0|   32|           1|          32|
    |tmp_296_fu_6530_p3               |  select  |      0|  0|   32|           1|          32|
    |tmp_297_fu_6392_p3               |  select  |      0|  0|   32|           1|          32|
    |tmp_298_fu_6398_p3               |  select  |      0|  0|   32|           1|          32|
    |tmp_299_fu_6405_p3               |  select  |      0|  0|   32|           1|          32|
    |tmp_29_fu_3440_p3                |  select  |      0|  0|   32|           1|          32|
    |tmp_300_fu_6412_p3               |  select  |      0|  0|   32|           1|          32|
    |tmp_301_fu_6419_p3               |  select  |      0|  0|   32|           1|          32|
    |tmp_302_fu_6426_p3               |  select  |      0|  0|   32|           1|          32|
    |tmp_303_fu_6433_p3               |  select  |      0|  0|   32|           1|          32|
    |tmp_304_fu_6440_p3               |  select  |      0|  0|   32|           1|          32|
    |tmp_305_fu_6447_p3               |  select  |      0|  0|   32|           1|          32|
    |tmp_306_fu_6454_p3               |  select  |      0|  0|   32|           1|          32|
    |tmp_30_fu_3448_p3                |  select  |      0|  0|   32|           1|          32|
    |tmp_32_fu_3456_p3                |  select  |      0|  0|   32|           1|          32|
    |tmp_36_fu_3464_p3                |  select  |      0|  0|   32|           1|          32|
    |tmp_37_fu_3480_p3                |  select  |      0|  0|   32|           1|           1|
    |tmp_42_fu_3488_p3                |  select  |      0|  0|   32|           1|          32|
    |tmp_43_fu_3496_p3                |  select  |      0|  0|   32|           1|          32|
    |tmp_44_fu_3504_p3                |  select  |      0|  0|   32|           1|          32|
    |tmp_45_fu_3512_p3                |  select  |      0|  0|   32|           1|          32|
    |tmp_46_fu_3520_p3                |  select  |      0|  0|   32|           1|          32|
    |tmp_47_fu_3528_p3                |  select  |      0|  0|   32|           1|          32|
    |tmp_48_fu_3536_p3                |  select  |      0|  0|   32|           1|          32|
    |tmp_49_fu_3552_p3                |  select  |      0|  0|   32|           1|           1|
    |tmp_4_fu_3252_p3                 |  select  |      0|  0|   32|           1|           1|
    |tmp_50_fu_3560_p3                |  select  |      0|  0|   32|           1|          32|
    |tmp_51_fu_3568_p3                |  select  |      0|  0|   32|           1|          32|
    |tmp_52_fu_3576_p3                |  select  |      0|  0|   32|           1|          32|
    |tmp_53_fu_3584_p3                |  select  |      0|  0|   32|           1|          32|
    |tmp_54_fu_3592_p3                |  select  |      0|  0|   32|           1|          32|
    |tmp_55_fu_3600_p3                |  select  |      0|  0|   32|           1|          32|
    |tmp_56_fu_3616_p3                |  select  |      0|  0|   32|           1|           1|
    |tmp_57_fu_3624_p3                |  select  |      0|  0|   32|           1|          32|
    |tmp_58_fu_3632_p3                |  select  |      0|  0|   32|           1|          32|
    |tmp_59_fu_3640_p3                |  select  |      0|  0|   32|           1|          32|
    |tmp_60_fu_3648_p3                |  select  |      0|  0|   32|           1|          32|
    |tmp_61_fu_3656_p3                |  select  |      0|  0|   32|           1|          32|
    |tmp_62_fu_3672_p3                |  select  |      0|  0|   32|           1|           1|
    |tmp_63_fu_3680_p3                |  select  |      0|  0|   32|           1|          32|
    |tmp_64_fu_3688_p3                |  select  |      0|  0|   32|           1|          32|
    |tmp_65_fu_3696_p3                |  select  |      0|  0|   32|           1|          32|
    |tmp_66_fu_3704_p3                |  select  |      0|  0|   32|           1|          32|
    |tmp_67_fu_3720_p3                |  select  |      0|  0|   32|           1|           1|
    |tmp_68_fu_3728_p3                |  select  |      0|  0|   32|           1|          32|
    |tmp_69_fu_3736_p3                |  select  |      0|  0|   32|           1|          32|
    |tmp_6_fu_3266_p3                 |  select  |      0|  0|   32|           1|          32|
    |tmp_70_fu_3744_p3                |  select  |      0|  0|   32|           1|          32|
    |tmp_71_fu_3760_p3                |  select  |      0|  0|   32|           1|           1|
    |tmp_72_fu_3768_p3                |  select  |      0|  0|   32|           1|          32|
    |tmp_73_fu_3776_p3                |  select  |      0|  0|   32|           1|          32|
    |tmp_74_fu_3792_p3                |  select  |      0|  0|   32|           1|           1|
    |tmp_75_fu_3800_p3                |  select  |      0|  0|   32|           1|          32|
    |tmp_76_fu_3816_p3                |  select  |      0|  0|   32|           1|           1|
    |tmp_77_fu_3840_p3                |  select  |      0|  0|   32|           1|          32|
    |tmp_78_fu_3848_p3                |  select  |      0|  0|   32|           1|          32|
    |tmp_79_fu_3856_p3                |  select  |      0|  0|   32|           1|          32|
    |tmp_80_fu_3864_p3                |  select  |      0|  0|   32|           1|          32|
    |tmp_81_fu_3872_p3                |  select  |      0|  0|   32|           1|          32|
    |tmp_82_fu_3880_p3                |  select  |      0|  0|   32|           1|          32|
    |tmp_83_fu_3888_p3                |  select  |      0|  0|   32|           1|          32|
    |tmp_84_fu_3896_p3                |  select  |      0|  0|   32|           1|          32|
    |tmp_85_fu_3904_p3                |  select  |      0|  0|   32|           1|          32|
    |tmp_86_fu_3912_p3                |  select  |      0|  0|   32|           1|          32|
    |tmp_8_fu_3280_p3                 |  select  |      0|  0|   32|           1|          32|
    |tmp_92_fu_4490_p3                |  select  |      0|  0|   32|           1|          32|
    |tmp_94_fu_4502_p3                |  select  |      0|  0|   32|           1|          32|
    |tmp_96_fu_4515_p3                |  select  |      0|  0|   32|           1|          32|
    |tmp_98_fu_4528_p3                |  select  |      0|  0|   32|           1|          32|
    |ap_enable_pp0                    |    xor   |      0|  0|    2|           1|           2|
    |dist_matmul_2_0_neg_fu_4470_p2   |    xor   |      0|  0|   33|          32|          33|
    |not_tmp_60_s_fu_7469_p2          |    xor   |      0|  0|    2|           1|           2|
    |sel_tmp12_fu_6708_p2             |    xor   |      0|  0|    2|           1|           2|
    |sel_tmp15_fu_6731_p2             |    xor   |      0|  0|    2|           1|           2|
    |sel_tmp3_fu_6586_p2              |    xor   |      0|  0|    2|           1|           2|
    |sel_tmp6_fu_6641_p2              |    xor   |      0|  0|    2|           1|           2|
    |sel_tmp9_fu_6664_p2              |    xor   |      0|  0|    2|           1|           2|
    |sel_tmp_fu_6562_p2               |    xor   |      0|  0|    2|           1|           2|
    +---------------------------------+----------+-------+---+-----+------------+------------+
    |Total                            |          |      0|  0|12198|        2846|        9669|
    +---------------------------------+----------+-------+---+-----+------------+------------+

    * Multiplexer: 
    +------------------------------------------------+-----+-----------+-----+-----------+
    |                      Name                      | LUT | Input Size| Bits| Total Bits|
    +------------------------------------------------+-----+-----------+-----+-----------+
    |U_opt_address0                                  |   56|         13|    4|         52|
    |ap_NS_fsm                                       |  305|         68|    1|         68|
    |ap_enable_reg_pp0_iter1                         |    9|          2|    1|          2|
    |ap_phi_mux_i1_phi_fu_1903_p4                    |    9|          2|    6|         12|
    |ap_phi_mux_level_phi_fu_1891_p4                 |    9|          2|   32|         64|
    |ap_phi_mux_switch_point_0_s_phi_fu_1880_p4      |    9|          2|   32|         64|
    |ap_phi_mux_switch_point_10_5_phi_fu_2134_p50    |   15|          3|   32|         96|
    |ap_phi_mux_switch_point_10_s_phi_fu_1780_p4     |    9|          2|   32|         64|
    |ap_phi_mux_switch_point_11_5_phi_fu_2056_p50    |   21|          4|   32|        128|
    |ap_phi_mux_switch_point_11_s_phi_fu_1770_p4     |    9|          2|   32|         64|
    |ap_phi_mux_switch_point_1_s_phi_fu_1870_p4      |    9|          2|   32|         64|
    |ap_phi_mux_switch_point_2_s_phi_fu_1860_p4      |    9|          2|   32|         64|
    |ap_phi_mux_switch_point_3_s_phi_fu_1850_p4      |    9|          2|   32|         64|
    |ap_phi_mux_switch_point_4_s_phi_fu_1840_p4      |    9|          2|   32|         64|
    |ap_phi_mux_switch_point_5_s_phi_fu_1830_p4      |    9|          2|   32|         64|
    |ap_phi_mux_switch_point_6_s_phi_fu_1820_p4      |    9|          2|   32|         64|
    |ap_phi_mux_switch_point_7_4_phi_fu_2371_p50     |   15|          3|   32|         96|
    |ap_phi_mux_switch_point_7_s_phi_fu_1810_p4      |    9|          2|   32|         64|
    |ap_phi_mux_switch_point_8_4_phi_fu_2292_p50     |   15|          3|   32|         96|
    |ap_phi_mux_switch_point_8_s_phi_fu_1800_p4      |    9|          2|   32|         64|
    |ap_phi_mux_switch_point_9_4_phi_fu_2213_p50     |   15|          3|   32|         96|
    |ap_phi_mux_switch_point_9_s_phi_fu_1790_p4      |    9|          2|   32|         64|
    |ap_phi_reg_pp0_iter0_dist_matmul_3_10_reg_2037  |    9|          2|   32|         64|
    |ap_phi_reg_pp0_iter0_dist_matmul_3_4_reg_1927   |    9|          2|   32|         64|
    |ap_phi_reg_pp0_iter0_dist_matmul_3_5_reg_1941   |    9|          2|   32|         64|
    |ap_phi_reg_pp0_iter0_dist_matmul_3_6_reg_1957   |    9|          2|   32|         64|
    |ap_phi_reg_pp0_iter0_dist_matmul_3_7_reg_1973   |    9|          2|   32|         64|
    |ap_phi_reg_pp0_iter0_dist_matmul_3_8_reg_1989   |    9|          2|   32|         64|
    |ap_phi_reg_pp0_iter0_dist_matmul_3_9_reg_2005   |    9|          2|   32|         64|
    |ap_phi_reg_pp0_iter0_dist_matmul_3_reg_1910     |   15|          3|   32|         96|
    |ap_phi_reg_pp0_iter0_dist_matmul_3_s_reg_2021   |    9|          2|   32|         64|
    |ap_phi_reg_pp0_iter0_level_2_reg_2842           |   15|          3|   32|         96|
    |ap_phi_reg_pp0_iter0_switch_point_0_4_reg_2990  |    9|          2|   32|         64|
    |ap_phi_reg_pp0_iter0_switch_point_1_4_reg_2911  |    9|          2|   32|         64|
    |ap_phi_reg_pp0_iter0_switch_point_2_4_reg_2763  |    9|          2|   32|         64|
    |ap_phi_reg_pp0_iter0_switch_point_3_4_reg_2684  |    9|          2|   32|         64|
    |ap_phi_reg_pp0_iter0_switch_point_4_4_reg_2605  |    9|          2|   32|         64|
    |ap_phi_reg_pp0_iter0_switch_point_5_4_reg_2526  |    9|          2|   32|         64|
    |ap_phi_reg_pp0_iter0_switch_point_6_4_reg_2447  |    9|          2|   32|         64|
    |dist_array_11_10_fu_634                         |    9|          2|   32|         64|
    |dist_array_11_11_fu_638                         |    9|          2|   32|         64|
    |dist_array_11_12_fu_642                         |    9|          2|   32|         64|
    |dist_array_11_13_fu_646                         |    9|          2|   32|         64|
    |dist_array_11_2_fu_650                          |    9|          2|   32|         64|
    |dist_array_11_3_fu_606                          |    9|          2|   32|         64|
    |dist_array_11_4_fu_610                          |    9|          2|   32|         64|
    |dist_array_11_5_fu_614                          |    9|          2|   32|         64|
    |dist_array_11_6_fu_618                          |    9|          2|   32|         64|
    |dist_array_11_7_fu_622                          |    9|          2|   32|         64|
    |dist_array_11_8_fu_626                          |    9|          2|   32|         64|
    |dist_array_11_9_fu_630                          |    9|          2|   32|         64|
    |grp_fu_3069_opcode                              |   15|          3|    2|          6|
    |grp_fu_3069_p0                                  |   62|         15|   32|        480|
    |grp_fu_3069_p1                                  |  109|         23|   32|        736|
    |grp_fu_3075_p0                                  |   21|          4|   32|        128|
    |grp_fu_3075_p1                                  |   21|          4|   32|        128|
    |grp_fu_3092_p0                                  |   56|         13|   32|        416|
    |grp_fu_3096_p0                                  |   15|          3|   32|         96|
    |i1_reg_1899                                     |    9|          2|    6|         12|
    |invdar_reg_1745                                 |    9|          2|    4|          8|
    |level_reg_1887                                  |    9|          2|   32|         64|
    |ll_reg_1756                                     |    9|          2|    4|          8|
    |p_0_fu_602                                      |    9|          2|   32|         64|
    |switch_point_0_s_reg_1877                       |    9|          2|   32|         64|
    |switch_point_10_s_reg_1777                      |    9|          2|   32|         64|
    |switch_point_11_s_reg_1767                      |    9|          2|   32|         64|
    |switch_point_1_s_reg_1867                       |    9|          2|   32|         64|
    |switch_point_2_s_reg_1857                       |    9|          2|   32|         64|
    |switch_point_3_s_reg_1847                       |    9|          2|   32|         64|
    |switch_point_4_s_reg_1837                       |    9|          2|   32|         64|
    |switch_point_5_s_reg_1827                       |    9|          2|   32|         64|
    |switch_point_6_s_reg_1817                       |    9|          2|   32|         64|
    |switch_point_7_s_reg_1807                       |    9|          2|   32|         64|
    |switch_point_8_s_reg_1797                       |    9|          2|   32|         64|
    |switch_point_9_s_reg_1787                       |    9|          2|   32|         64|
    +------------------------------------------------+-----+-----------+-----+-----------+
    |Total                                           | 1302|        286| 2172|       6312|
    +------------------------------------------------+-----+-----------+-----+-----------+

    * Register: 
    +------------------------------------------------+----+----+-----+-----------+
    |                      Name                      | FF | LUT| Bits| Const Bits|
    +------------------------------------------------+----+----+-----+-----------+
    |U_0_reg_9353                                    |  32|   0|   32|          0|
    |U_11_10_fu_694                                  |  32|   0|   32|          0|
    |U_11_10_load_1_reg_9850                         |  32|   0|   32|          0|
    |U_11_11_fu_698                                  |  32|   0|   32|          0|
    |U_11_11_load_1_reg_9855                         |  32|   0|   32|          0|
    |U_11_1_fu_658                                   |  32|   0|   32|          0|
    |U_11_2_fu_662                                   |  32|   0|   32|          0|
    |U_11_3_fu_666                                   |  32|   0|   32|          0|
    |U_11_3_load_1_reg_9815                          |  32|   0|   32|          0|
    |U_11_4_fu_670                                   |  32|   0|   32|          0|
    |U_11_4_load_1_reg_9820                          |  32|   0|   32|          0|
    |U_11_5_fu_674                                   |  32|   0|   32|          0|
    |U_11_5_load_1_reg_9825                          |  32|   0|   32|          0|
    |U_11_6_fu_678                                   |  32|   0|   32|          0|
    |U_11_6_load_1_reg_9830                          |  32|   0|   32|          0|
    |U_11_7_fu_682                                   |  32|   0|   32|          0|
    |U_11_7_load_1_reg_9835                          |  32|   0|   32|          0|
    |U_11_8_fu_686                                   |  32|   0|   32|          0|
    |U_11_8_load_1_reg_9840                          |  32|   0|   32|          0|
    |U_11_9_fu_690                                   |  32|   0|   32|          0|
    |U_11_9_load_1_reg_9845                          |  32|   0|   32|          0|
    |U_11_fu_654                                     |  32|   0|   32|          0|
    |V_Gen_a_load_0_phi_reg_9385                     |  32|   0|   32|          0|
    |V_Gen_a_load_10_phi_reg_9557                    |  32|   0|   32|          0|
    |V_Gen_a_load_11_phi_reg_9579                    |  32|   0|   32|          0|
    |V_Gen_a_load_1_10_ph_reg_9552                   |  32|   0|   32|          0|
    |V_Gen_a_load_1_11_ph_reg_9574                   |  32|   0|   32|          0|
    |V_Gen_a_load_1_4_phi_reg_9420                   |  32|   0|   32|          0|
    |V_Gen_a_load_1_5_phi_reg_9442                   |  32|   0|   32|          0|
    |V_Gen_a_load_1_6_phi_reg_9464                   |  32|   0|   32|          0|
    |V_Gen_a_load_1_7_phi_reg_9486                   |  32|   0|   32|          0|
    |V_Gen_a_load_1_8_phi_reg_9508                   |  32|   0|   32|          0|
    |V_Gen_a_load_1_9_phi_reg_9530                   |  32|   0|   32|          0|
    |V_Gen_a_load_4_phi_reg_9425                     |  32|   0|   32|          0|
    |V_Gen_a_load_5_phi_reg_9447                     |  32|   0|   32|          0|
    |V_Gen_a_load_6_phi_reg_9469                     |  32|   0|   32|          0|
    |V_Gen_a_load_7_phi_reg_9491                     |  32|   0|   32|          0|
    |V_Gen_a_load_8_phi_reg_9513                     |  32|   0|   32|          0|
    |V_Gen_a_load_9_phi_reg_9535                     |  32|   0|   32|          0|
    |ap_CS_fsm                                       |  67|   0|   67|          0|
    |ap_enable_reg_pp0_iter0                         |   1|   0|    1|          0|
    |ap_enable_reg_pp0_iter1                         |   1|   0|    1|          0|
    |ap_phi_reg_pp0_iter0_dist_matmul_3_10_reg_2037  |  32|   0|   32|          0|
    |ap_phi_reg_pp0_iter0_dist_matmul_3_4_reg_1927   |  32|   0|   32|          0|
    |ap_phi_reg_pp0_iter0_dist_matmul_3_5_reg_1941   |  32|   0|   32|          0|
    |ap_phi_reg_pp0_iter0_dist_matmul_3_6_reg_1957   |  32|   0|   32|          0|
    |ap_phi_reg_pp0_iter0_dist_matmul_3_7_reg_1973   |  32|   0|   32|          0|
    |ap_phi_reg_pp0_iter0_dist_matmul_3_8_reg_1989   |  32|   0|   32|          0|
    |ap_phi_reg_pp0_iter0_dist_matmul_3_9_reg_2005   |  32|   0|   32|          0|
    |ap_phi_reg_pp0_iter0_dist_matmul_3_reg_1910     |  32|   0|   32|          0|
    |ap_phi_reg_pp0_iter0_dist_matmul_3_s_reg_2021   |  32|   0|   32|          0|
    |ap_phi_reg_pp0_iter0_level_2_reg_2842           |  32|   0|   32|          0|
    |ap_phi_reg_pp0_iter0_switch_point_0_4_reg_2990  |  32|   0|   32|          0|
    |ap_phi_reg_pp0_iter0_switch_point_1_4_reg_2911  |  32|   0|   32|          0|
    |ap_phi_reg_pp0_iter0_switch_point_2_4_reg_2763  |  32|   0|   32|          0|
    |ap_phi_reg_pp0_iter0_switch_point_3_4_reg_2684  |  32|   0|   32|          0|
    |ap_phi_reg_pp0_iter0_switch_point_4_4_reg_2605  |  32|   0|   32|          0|
    |ap_phi_reg_pp0_iter0_switch_point_5_4_reg_2526  |  32|   0|   32|          0|
    |ap_phi_reg_pp0_iter0_switch_point_6_4_reg_2447  |  32|   0|   32|          0|
    |ap_phi_reg_pp0_iter1_switch_point_0_4_reg_2990  |  32|   0|   32|          0|
    |ap_phi_reg_pp0_iter1_switch_point_1_4_reg_2911  |  32|   0|   32|          0|
    |dist_array_0_1_reg_8912                         |  32|   0|   32|          0|
    |dist_array_0_fu_506                             |  32|   0|   32|          0|
    |dist_array_10_1_reg_8962                        |  32|   0|   32|          0|
    |dist_array_10_fu_546                            |  32|   0|   32|          0|
    |dist_array_11_10_fu_634                         |  32|   0|   32|          0|
    |dist_array_11_11_fu_638                         |  32|   0|   32|          0|
    |dist_array_11_12_fu_642                         |  32|   0|   32|          0|
    |dist_array_11_13_fu_646                         |  32|   0|   32|          0|
    |dist_array_11_1_reg_8967                        |  32|   0|   32|          0|
    |dist_array_11_2_fu_650                          |  32|   0|   32|          0|
    |dist_array_11_3_fu_606                          |  32|   0|   32|          0|
    |dist_array_11_4_fu_610                          |  32|   0|   32|          0|
    |dist_array_11_5_fu_614                          |  32|   0|   32|          0|
    |dist_array_11_6_fu_618                          |  32|   0|   32|          0|
    |dist_array_11_7_fu_622                          |  32|   0|   32|          0|
    |dist_array_11_8_fu_626                          |  32|   0|   32|          0|
    |dist_array_11_9_fu_630                          |  32|   0|   32|          0|
    |dist_array_11_fu_550                            |  32|   0|   32|          0|
    |dist_array_1_1_reg_8917                         |  32|   0|   32|          0|
    |dist_array_1_fu_510                             |  32|   0|   32|          0|
    |dist_array_2_1_reg_8922                         |  32|   0|   32|          0|
    |dist_array_2_fu_514                             |  32|   0|   32|          0|
    |dist_array_3_1_reg_8927                         |  32|   0|   32|          0|
    |dist_array_3_fu_518                             |  32|   0|   32|          0|
    |dist_array_4_1_reg_8932                         |  32|   0|   32|          0|
    |dist_array_4_fu_522                             |  32|   0|   32|          0|
    |dist_array_5_1_reg_8937                         |  32|   0|   32|          0|
    |dist_array_5_fu_526                             |  32|   0|   32|          0|
    |dist_array_6_1_reg_8942                         |  32|   0|   32|          0|
    |dist_array_6_fu_530                             |  32|   0|   32|          0|
    |dist_array_7_1_reg_8947                         |  32|   0|   32|          0|
    |dist_array_7_fu_534                             |  32|   0|   32|          0|
    |dist_array_8_1_reg_8952                         |  32|   0|   32|          0|
    |dist_array_8_fu_538                             |  32|   0|   32|          0|
    |dist_array_9_1_reg_8957                         |  32|   0|   32|          0|
    |dist_array_9_fu_542                             |  32|   0|   32|          0|
    |dist_matmul_3_1_reg_9602                        |  32|   0|   32|          0|
    |dist_matmul_3_2_reg_9617                        |  32|   0|   32|          0|
    |dist_matmul_3_3_reg_9632                        |  32|   0|   32|          0|
    |dist_matmul_3_reg_1910                          |  32|   0|   32|          0|
    |exitcond2_reg_9339                              |   1|   0|    1|          0|
    |exitcond2_reg_9339_pp0_iter1_reg                |   1|   0|    1|          0|
    |i1_reg_1899                                     |   6|   0|    6|          0|
    |i_reg_9343                                      |   6|   0|    6|          0|
    |icmp10_reg_9763                                 |   1|   0|    1|          0|
    |icmp11_reg_9773                                 |   1|   0|    1|          0|
    |icmp12_reg_9784                                 |   1|   0|    1|          0|
    |icmp1_reg_9408                                  |   1|   0|    1|          0|
    |icmp2_reg_9496                                  |   1|   0|    1|          0|
    |icmp3_reg_9689                                  |   1|   0|    1|          0|
    |icmp4_reg_9699                                  |   1|   0|    1|          0|
    |icmp5_reg_9709                                  |   1|   0|    1|          0|
    |icmp6_reg_9720                                  |   1|   0|    1|          0|
    |icmp7_reg_9735                                  |   1|   0|    1|          0|
    |icmp_reg_9610                                   |   1|   0|    1|          0|
    |invdar_reg_1745                                 |   4|   0|    4|          0|
    |level_reg_1887                                  |  32|   0|   32|          0|
    |ll_1_reg_9111                                   |   4|   0|    4|          0|
    |ll_reg_1756                                     |   4|   0|    4|          0|
    |newSel4_reg_9800                                |   2|   0|    3|          1|
    |newSel5_reg_9805                                |  32|   0|   32|          0|
    |or_cond2_reg_9795                               |   1|   0|    1|          0|
    |p_0_fu_602                                      |  32|   0|   32|          0|
    |reg_3197                                        |  32|   0|   32|          0|
    |switch_point_0_s_reg_1877                       |  32|   0|   32|          0|
    |switch_point_10_6_reg_9704                      |  32|   0|   32|          0|
    |switch_point_10_s_reg_1777                      |  32|   0|   32|          0|
    |switch_point_11_4_reg_9694                      |  32|   0|   32|          0|
    |switch_point_11_s_reg_1767                      |  32|   0|   32|          0|
    |switch_point_1_s_reg_1867                       |  32|   0|   32|          0|
    |switch_point_2_6_reg_9790                       |  32|   0|   32|          0|
    |switch_point_2_s_reg_1857                       |  32|   0|   32|          0|
    |switch_point_3_6_reg_9779                       |  32|   0|   32|          0|
    |switch_point_3_s_reg_1847                       |  32|   0|   32|          0|
    |switch_point_4_6_reg_9768                       |  32|   0|   32|          0|
    |switch_point_4_s_reg_1837                       |  32|   0|   32|          0|
    |switch_point_5_6_reg_9758                       |  32|   0|   32|          0|
    |switch_point_5_s_reg_1827                       |  32|   0|   32|          0|
    |switch_point_6_6_reg_9753                       |  32|   0|   32|          0|
    |switch_point_6_s_reg_1817                       |  32|   0|   32|          0|
    |switch_point_7_3_reg_9730                       |  32|   0|   32|          0|
    |switch_point_7_6_reg_9748                       |  32|   0|   32|          0|
    |switch_point_7_s_reg_1807                       |  32|   0|   32|          0|
    |switch_point_8_6_reg_9725                       |  32|   0|   32|          0|
    |switch_point_8_s_reg_1797                       |  32|   0|   32|          0|
    |switch_point_9_6_reg_9715                       |  32|   0|   32|          0|
    |switch_point_9_s_reg_1787                       |  32|   0|   32|          0|
    |tmp_133_reg_9390                                |  32|   0|   32|          0|
    |tmp_134_reg_9396                                |  32|   0|   32|          0|
    |tmp_135_reg_9402                                |  32|   0|   32|          0|
    |tmp_2_reg_9348                                  |   4|   0|    4|          0|
    |tmp_307_reg_9358                                |  32|   0|   32|          0|
    |tmp_317_reg_9649                                |   1|   0|    1|          0|
    |tmp_31_reg_9639                                 |  32|   0|   32|          0|
    |tmp_35_reg_9584                                 |  64|   0|   64|          0|
    |tmp_38_reg_9664                                 |   1|   0|    1|          0|
    |tmp_39_reg_9372                                 |   1|   0|    1|          0|
    |tmp_44_1_reg_9595                               |   1|   0|    1|          0|
    |tmp_44_2_reg_9562                               |   1|   0|    1|          0|
    |tmp_44_3_reg_9625                               |   1|   0|    1|          0|
    |tmp_44_5_reg_9430                               |   1|   0|    1|          0|
    |tmp_44_6_reg_9452                               |   1|   0|    1|          0|
    |tmp_44_7_reg_9474                               |   1|   0|    1|          0|
    |tmp_44_9_reg_9518                               |   1|   0|    1|          0|
    |tmp_44_s_reg_9540                               |   1|   0|    1|          0|
    |tmp_48_10_reg_9566                              |   1|   0|    1|          0|
    |tmp_48_4_reg_9412                               |   1|   0|    1|          0|
    |tmp_48_5_reg_9434                               |   1|   0|    1|          0|
    |tmp_48_6_reg_9456                               |   1|   0|    1|          0|
    |tmp_48_7_reg_9478                               |   1|   0|    1|          0|
    |tmp_48_8_reg_9500                               |   1|   0|    1|          0|
    |tmp_48_9_reg_9522                               |   1|   0|    1|          0|
    |tmp_48_s_reg_9544                               |   1|   0|    1|          0|
    |tmp_52_10_reg_9570                              |   1|   0|    1|          0|
    |tmp_52_4_reg_9416                               |   1|   0|    1|          0|
    |tmp_52_5_reg_9438                               |   1|   0|    1|          0|
    |tmp_52_6_reg_9460                               |   1|   0|    1|          0|
    |tmp_52_7_reg_9482                               |   1|   0|    1|          0|
    |tmp_52_8_reg_9504                               |   1|   0|    1|          0|
    |tmp_52_9_reg_9526                               |   1|   0|    1|          0|
    |tmp_52_s_reg_9548                               |   1|   0|    1|          0|
    |tmp_89_reg_9368                                 |   1|   0|    1|          0|
    +------------------------------------------------+----+----+-----+-----------+
    |Total                                           |4365|   0| 4366|          1|
    +------------------------------------------------+----+----+-----+-----------+



================================================================
== Interface
================================================================
* Summary: 
+------------------+-----+-----+------------+------------------+--------------+
|     RTL Ports    | Dir | Bits|  Protocol  |   Source Object  |    C Type    |
+------------------+-----+-----+------------+------------------+--------------+
|ap_clk            |  in |    1| ap_ctrl_hs |      sph_dec     | return value |
|ap_rst            |  in |    1| ap_ctrl_hs |      sph_dec     | return value |
|ap_start          |  in |    1| ap_ctrl_hs |      sph_dec     | return value |
|ap_done           | out |    1| ap_ctrl_hs |      sph_dec     | return value |
|ap_idle           | out |    1| ap_ctrl_hs |      sph_dec     | return value |
|ap_ready          | out |    1| ap_ctrl_hs |      sph_dec     | return value |
|V_Gen_a_0_read    |  in |   32|   ap_none  |  V_Gen_a_0_read  |    scalar    |
|V_Gen_a_1_read    |  in |   32|   ap_none  |  V_Gen_a_1_read  |    scalar    |
|V_Gen_a_2_read    |  in |   32|   ap_none  |  V_Gen_a_2_read  |    scalar    |
|V_Gen_a_3_read    |  in |   32|   ap_none  |  V_Gen_a_3_read  |    scalar    |
|V_Gen_a_4_read    |  in |   32|   ap_none  |  V_Gen_a_4_read  |    scalar    |
|V_Gen_a_5_read    |  in |   32|   ap_none  |  V_Gen_a_5_read  |    scalar    |
|V_Gen_a_6_read    |  in |   32|   ap_none  |  V_Gen_a_6_read  |    scalar    |
|V_Gen_a_7_read    |  in |   32|   ap_none  |  V_Gen_a_7_read  |    scalar    |
|V_Gen_a_8_read    |  in |   32|   ap_none  |  V_Gen_a_8_read  |    scalar    |
|V_Gen_a_9_read    |  in |   32|   ap_none  |  V_Gen_a_9_read  |    scalar    |
|V_Gen_a_10_read   |  in |   32|   ap_none  |  V_Gen_a_10_read |    scalar    |
|V_Gen_a_11_read   |  in |   32|   ap_none  |  V_Gen_a_11_read |    scalar    |
|V_Gen_a_12_read   |  in |   32|   ap_none  |  V_Gen_a_12_read |    scalar    |
|V_Gen_a_13_read   |  in |   32|   ap_none  |  V_Gen_a_13_read |    scalar    |
|V_Gen_a_14_read   |  in |   32|   ap_none  |  V_Gen_a_14_read |    scalar    |
|V_Gen_a_15_read   |  in |   32|   ap_none  |  V_Gen_a_15_read |    scalar    |
|V_Gen_a_16_read   |  in |   32|   ap_none  |  V_Gen_a_16_read |    scalar    |
|V_Gen_a_17_read   |  in |   32|   ap_none  |  V_Gen_a_17_read |    scalar    |
|V_Gen_a_18_read   |  in |   32|   ap_none  |  V_Gen_a_18_read |    scalar    |
|V_Gen_a_19_read   |  in |   32|   ap_none  |  V_Gen_a_19_read |    scalar    |
|V_Gen_a_20_read   |  in |   32|   ap_none  |  V_Gen_a_20_read |    scalar    |
|V_Gen_a_21_read   |  in |   32|   ap_none  |  V_Gen_a_21_read |    scalar    |
|V_Gen_a_22_read   |  in |   32|   ap_none  |  V_Gen_a_22_read |    scalar    |
|V_Gen_a_23_read   |  in |   32|   ap_none  |  V_Gen_a_23_read |    scalar    |
|V_Gen_a_24_read   |  in |   32|   ap_none  |  V_Gen_a_24_read |    scalar    |
|V_Gen_a_25_read   |  in |   32|   ap_none  |  V_Gen_a_25_read |    scalar    |
|V_Gen_a_26_read   |  in |   32|   ap_none  |  V_Gen_a_26_read |    scalar    |
|V_Gen_a_27_read   |  in |   32|   ap_none  |  V_Gen_a_27_read |    scalar    |
|V_Gen_a_28_read   |  in |   32|   ap_none  |  V_Gen_a_28_read |    scalar    |
|V_Gen_a_29_read   |  in |   32|   ap_none  |  V_Gen_a_29_read |    scalar    |
|V_Gen_a_30_read   |  in |   32|   ap_none  |  V_Gen_a_30_read |    scalar    |
|V_Gen_a_31_read   |  in |   32|   ap_none  |  V_Gen_a_31_read |    scalar    |
|V_Gen_a_32_read   |  in |   32|   ap_none  |  V_Gen_a_32_read |    scalar    |
|V_Gen_a_33_read   |  in |   32|   ap_none  |  V_Gen_a_33_read |    scalar    |
|V_Gen_a_34_read   |  in |   32|   ap_none  |  V_Gen_a_34_read |    scalar    |
|V_Gen_a_35_read   |  in |   32|   ap_none  |  V_Gen_a_35_read |    scalar    |
|V_Gen_a_36_read   |  in |   32|   ap_none  |  V_Gen_a_36_read |    scalar    |
|V_Gen_a_37_read   |  in |   32|   ap_none  |  V_Gen_a_37_read |    scalar    |
|V_Gen_a_38_read   |  in |   32|   ap_none  |  V_Gen_a_38_read |    scalar    |
|V_Gen_a_39_read   |  in |   32|   ap_none  |  V_Gen_a_39_read |    scalar    |
|V_Gen_a_40_read   |  in |   32|   ap_none  |  V_Gen_a_40_read |    scalar    |
|V_Gen_a_41_read   |  in |   32|   ap_none  |  V_Gen_a_41_read |    scalar    |
|V_Gen_a_42_read   |  in |   32|   ap_none  |  V_Gen_a_42_read |    scalar    |
|V_Gen_a_43_read   |  in |   32|   ap_none  |  V_Gen_a_43_read |    scalar    |
|V_Gen_a_44_read   |  in |   32|   ap_none  |  V_Gen_a_44_read |    scalar    |
|V_Gen_a_45_read   |  in |   32|   ap_none  |  V_Gen_a_45_read |    scalar    |
|V_Gen_a_46_read   |  in |   32|   ap_none  |  V_Gen_a_46_read |    scalar    |
|V_Gen_a_47_read   |  in |   32|   ap_none  |  V_Gen_a_47_read |    scalar    |
|V_Gen_a_48_read   |  in |   32|   ap_none  |  V_Gen_a_48_read |    scalar    |
|V_Gen_a_49_read   |  in |   32|   ap_none  |  V_Gen_a_49_read |    scalar    |
|V_Gen_a_50_read   |  in |   32|   ap_none  |  V_Gen_a_50_read |    scalar    |
|V_Gen_a_51_read   |  in |   32|   ap_none  |  V_Gen_a_51_read |    scalar    |
|V_Gen_a_52_read   |  in |   32|   ap_none  |  V_Gen_a_52_read |    scalar    |
|V_Gen_a_53_read   |  in |   32|   ap_none  |  V_Gen_a_53_read |    scalar    |
|V_Gen_a_54_read   |  in |   32|   ap_none  |  V_Gen_a_54_read |    scalar    |
|V_Gen_a_55_read   |  in |   32|   ap_none  |  V_Gen_a_55_read |    scalar    |
|V_Gen_a_56_read   |  in |   32|   ap_none  |  V_Gen_a_56_read |    scalar    |
|V_Gen_a_57_read   |  in |   32|   ap_none  |  V_Gen_a_57_read |    scalar    |
|V_Gen_a_58_read   |  in |   32|   ap_none  |  V_Gen_a_58_read |    scalar    |
|V_Gen_a_59_read   |  in |   32|   ap_none  |  V_Gen_a_59_read |    scalar    |
|V_Gen_a_60_read   |  in |   32|   ap_none  |  V_Gen_a_60_read |    scalar    |
|V_Gen_a_61_read   |  in |   32|   ap_none  |  V_Gen_a_61_read |    scalar    |
|V_Gen_a_62_read   |  in |   32|   ap_none  |  V_Gen_a_62_read |    scalar    |
|V_Gen_a_63_read   |  in |   32|   ap_none  |  V_Gen_a_63_read |    scalar    |
|V_Gen_a_64_read   |  in |   32|   ap_none  |  V_Gen_a_64_read |    scalar    |
|V_Gen_a_65_read   |  in |   32|   ap_none  |  V_Gen_a_65_read |    scalar    |
|V_Gen_a_66_read   |  in |   32|   ap_none  |  V_Gen_a_66_read |    scalar    |
|V_Gen_a_67_read   |  in |   32|   ap_none  |  V_Gen_a_67_read |    scalar    |
|V_Gen_a_68_read   |  in |   32|   ap_none  |  V_Gen_a_68_read |    scalar    |
|V_Gen_a_69_read   |  in |   32|   ap_none  |  V_Gen_a_69_read |    scalar    |
|V_Gen_a_70_read   |  in |   32|   ap_none  |  V_Gen_a_70_read |    scalar    |
|V_Gen_a_71_read   |  in |   32|   ap_none  |  V_Gen_a_71_read |    scalar    |
|V_Gen_a_72_read   |  in |   32|   ap_none  |  V_Gen_a_72_read |    scalar    |
|V_Gen_a_73_read   |  in |   32|   ap_none  |  V_Gen_a_73_read |    scalar    |
|V_Gen_a_74_read   |  in |   32|   ap_none  |  V_Gen_a_74_read |    scalar    |
|V_Gen_a_75_read   |  in |   32|   ap_none  |  V_Gen_a_75_read |    scalar    |
|V_Gen_a_76_read   |  in |   32|   ap_none  |  V_Gen_a_76_read |    scalar    |
|V_Gen_a_77_read   |  in |   32|   ap_none  |  V_Gen_a_77_read |    scalar    |
|V_Gen_a_78_read   |  in |   32|   ap_none  |  V_Gen_a_78_read |    scalar    |
|V_Gen_a_79_read   |  in |   32|   ap_none  |  V_Gen_a_79_read |    scalar    |
|V_Gen_a_80_read   |  in |   32|   ap_none  |  V_Gen_a_80_read |    scalar    |
|V_Gen_a_81_read   |  in |   32|   ap_none  |  V_Gen_a_81_read |    scalar    |
|V_Gen_a_82_read   |  in |   32|   ap_none  |  V_Gen_a_82_read |    scalar    |
|V_Gen_a_83_read   |  in |   32|   ap_none  |  V_Gen_a_83_read |    scalar    |
|V_Gen_a_84_read   |  in |   32|   ap_none  |  V_Gen_a_84_read |    scalar    |
|V_Gen_a_85_read   |  in |   32|   ap_none  |  V_Gen_a_85_read |    scalar    |
|V_Gen_a_86_read   |  in |   32|   ap_none  |  V_Gen_a_86_read |    scalar    |
|V_Gen_a_87_read   |  in |   32|   ap_none  |  V_Gen_a_87_read |    scalar    |
|V_Gen_a_88_read   |  in |   32|   ap_none  |  V_Gen_a_88_read |    scalar    |
|V_Gen_a_89_read   |  in |   32|   ap_none  |  V_Gen_a_89_read |    scalar    |
|V_Gen_a_90_read   |  in |   32|   ap_none  |  V_Gen_a_90_read |    scalar    |
|V_Gen_a_91_read   |  in |   32|   ap_none  |  V_Gen_a_91_read |    scalar    |
|V_Gen_a_92_read   |  in |   32|   ap_none  |  V_Gen_a_92_read |    scalar    |
|V_Gen_a_93_read   |  in |   32|   ap_none  |  V_Gen_a_93_read |    scalar    |
|V_Gen_a_94_read   |  in |   32|   ap_none  |  V_Gen_a_94_read |    scalar    |
|V_Gen_a_95_read   |  in |   32|   ap_none  |  V_Gen_a_95_read |    scalar    |
|V_Gen_a_96_read   |  in |   32|   ap_none  |  V_Gen_a_96_read |    scalar    |
|V_Gen_a_97_read   |  in |   32|   ap_none  |  V_Gen_a_97_read |    scalar    |
|V_Gen_a_98_read   |  in |   32|   ap_none  |  V_Gen_a_98_read |    scalar    |
|V_Gen_a_99_read   |  in |   32|   ap_none  |  V_Gen_a_99_read |    scalar    |
|V_Gen_a_100_read  |  in |   32|   ap_none  | V_Gen_a_100_read |    scalar    |
|V_Gen_a_101_read  |  in |   32|   ap_none  | V_Gen_a_101_read |    scalar    |
|V_Gen_a_102_read  |  in |   32|   ap_none  | V_Gen_a_102_read |    scalar    |
|V_Gen_a_103_read  |  in |   32|   ap_none  | V_Gen_a_103_read |    scalar    |
|V_Gen_a_104_read  |  in |   32|   ap_none  | V_Gen_a_104_read |    scalar    |
|V_Gen_a_105_read  |  in |   32|   ap_none  | V_Gen_a_105_read |    scalar    |
|V_Gen_a_106_read  |  in |   32|   ap_none  | V_Gen_a_106_read |    scalar    |
|V_Gen_a_107_read  |  in |   32|   ap_none  | V_Gen_a_107_read |    scalar    |
|V_Gen_a_108_read  |  in |   32|   ap_none  | V_Gen_a_108_read |    scalar    |
|V_Gen_a_109_read  |  in |   32|   ap_none  | V_Gen_a_109_read |    scalar    |
|V_Gen_a_110_read  |  in |   32|   ap_none  | V_Gen_a_110_read |    scalar    |
|V_Gen_a_111_read  |  in |   32|   ap_none  | V_Gen_a_111_read |    scalar    |
|V_Gen_a_112_read  |  in |   32|   ap_none  | V_Gen_a_112_read |    scalar    |
|V_Gen_a_113_read  |  in |   32|   ap_none  | V_Gen_a_113_read |    scalar    |
|V_Gen_a_114_read  |  in |   32|   ap_none  | V_Gen_a_114_read |    scalar    |
|V_Gen_a_115_read  |  in |   32|   ap_none  | V_Gen_a_115_read |    scalar    |
|V_Gen_a_116_read  |  in |   32|   ap_none  | V_Gen_a_116_read |    scalar    |
|V_Gen_a_117_read  |  in |   32|   ap_none  | V_Gen_a_117_read |    scalar    |
|V_Gen_a_118_read  |  in |   32|   ap_none  | V_Gen_a_118_read |    scalar    |
|V_Gen_a_119_read  |  in |   32|   ap_none  | V_Gen_a_119_read |    scalar    |
|V_Gen_a_120_read  |  in |   32|   ap_none  | V_Gen_a_120_read |    scalar    |
|V_Gen_a_121_read  |  in |   32|   ap_none  | V_Gen_a_121_read |    scalar    |
|V_Gen_a_122_read  |  in |   32|   ap_none  | V_Gen_a_122_read |    scalar    |
|V_Gen_a_123_read  |  in |   32|   ap_none  | V_Gen_a_123_read |    scalar    |
|V_Gen_a_124_read  |  in |   32|   ap_none  | V_Gen_a_124_read |    scalar    |
|V_Gen_a_125_read  |  in |   32|   ap_none  | V_Gen_a_125_read |    scalar    |
|V_Gen_a_126_read  |  in |   32|   ap_none  | V_Gen_a_126_read |    scalar    |
|V_Gen_a_127_read  |  in |   32|   ap_none  | V_Gen_a_127_read |    scalar    |
|V_Gen_a_128_read  |  in |   32|   ap_none  | V_Gen_a_128_read |    scalar    |
|V_Gen_a_129_read  |  in |   32|   ap_none  | V_Gen_a_129_read |    scalar    |
|V_Gen_a_130_read  |  in |   32|   ap_none  | V_Gen_a_130_read |    scalar    |
|V_Gen_a_131_read  |  in |   32|   ap_none  | V_Gen_a_131_read |    scalar    |
|V_Gen_a_132_read  |  in |   32|   ap_none  | V_Gen_a_132_read |    scalar    |
|V_Gen_a_133_read  |  in |   32|   ap_none  | V_Gen_a_133_read |    scalar    |
|V_Gen_a_134_read  |  in |   32|   ap_none  | V_Gen_a_134_read |    scalar    |
|V_Gen_a_135_read  |  in |   32|   ap_none  | V_Gen_a_135_read |    scalar    |
|V_Gen_a_136_read  |  in |   32|   ap_none  | V_Gen_a_136_read |    scalar    |
|V_Gen_a_137_read  |  in |   32|   ap_none  | V_Gen_a_137_read |    scalar    |
|V_Gen_a_138_read  |  in |   32|   ap_none  | V_Gen_a_138_read |    scalar    |
|V_Gen_a_139_read  |  in |   32|   ap_none  | V_Gen_a_139_read |    scalar    |
|V_Gen_a_140_read  |  in |   32|   ap_none  | V_Gen_a_140_read |    scalar    |
|V_Gen_a_141_read  |  in |   32|   ap_none  | V_Gen_a_141_read |    scalar    |
|V_Gen_a_142_read  |  in |   32|   ap_none  | V_Gen_a_142_read |    scalar    |
|V_Gen_a_143_read  |  in |   32|   ap_none  | V_Gen_a_143_read |    scalar    |
|roh               |  in |   32|   ap_none  |        roh       |    scalar    |
|U_unc_0_read      |  in |   32|   ap_none  |   U_unc_0_read   |    scalar    |
|U_unc_1_read      |  in |   32|   ap_none  |   U_unc_1_read   |    scalar    |
|U_unc_2_read      |  in |   32|   ap_none  |   U_unc_2_read   |    scalar    |
|U_unc_3_read      |  in |   32|   ap_none  |   U_unc_3_read   |    scalar    |
|U_unc_4_read      |  in |   32|   ap_none  |   U_unc_4_read   |    scalar    |
|U_unc_5_read      |  in |   32|   ap_none  |   U_unc_5_read   |    scalar    |
|U_unc_6_read      |  in |   32|   ap_none  |   U_unc_6_read   |    scalar    |
|U_unc_7_read      |  in |   32|   ap_none  |   U_unc_7_read   |    scalar    |
|U_unc_8_read      |  in |   32|   ap_none  |   U_unc_8_read   |    scalar    |
|U_unc_9_read      |  in |   32|   ap_none  |   U_unc_9_read   |    scalar    |
|U_unc_10_read     |  in |   32|   ap_none  |   U_unc_10_read  |    scalar    |
|U_unc_11_read     |  in |   32|   ap_none  |   U_unc_11_read  |    scalar    |
|U_opt_address0    | out |    4|  ap_memory |       U_opt      |     array    |
|U_opt_ce0         | out |    1|  ap_memory |       U_opt      |     array    |
|U_opt_we0         | out |    1|  ap_memory |       U_opt      |     array    |
|U_opt_d0          | out |   32|  ap_memory |       U_opt      |     array    |
+------------------+-----+-----+------------+------------------+--------------+

